Microchip Technology Inc, v1.35 (A)

Tool Name:
  c:\program files (x86)\microchip\xc16\v1.35\bin\bin\..\bin/elf-ld.exe

Command:
  -p30F4011 \
  -o \
  dist/default/debug/MainPIC.X.debug.elf \
  -Lc:/program files (x86)/microchip/xc16/v1.35/bin/bin/.. \
  -Lc:/program files (x86)/microchip/xc16/v1.35/bin/bin/../../lib \
  -Lc:/program files (x86)/microchip/xc16/v1.35/bin/bin/../../support/PIC24E/gld \
  -Lc:/program files (x86)/microchip/xc16/v1.35/bin/bin/../../support/PIC24F/gld \
  -Lc:/program files (x86)/microchip/xc16/v1.35/bin/bin/../../support/PIC24H/gld \
  -Lc:/program files (x86)/microchip/xc16/v1.35/bin/bin/../../support/dsPIC30F/gld \
  -Lc:/program files (x86)/microchip/xc16/v1.35/bin/bin/../../support/dsPIC33C/gld \
  -Lc:/program files (x86)/microchip/xc16/v1.35/bin/bin/../../support/dsPIC33E/gld \
  -Lc:/program files (x86)/microchip/xc16/v1.35/bin/bin/../../support/dsPIC33F/gld \
  build/default/debug/main.o \
  build/default/debug/Encoder.o \
  build/default/debug/GPIOSetup.o \
  build/default/debug/MotorControl.o \
  build/default/debug/MotorDriver.o \
  build/default/debug/PID.o \
  build/default/debug/PWMFunctions.o \
  build/default/debug/Serial2.o \
  build/default/debug/Timer1Functions.o \
  build/default/debug/UARTConversionFunctions.o \
  build/default/debug/UARTSetup.o \
  --defsym=__MPLAB_BUILD=1 \
  --defsym=__MPLAB_DEBUG=1 \
  --defsym=__DEBUG=1 \
  --defsym=__MPLAB_DEBUGGER_SIMULATOR=1 \
  -Tp30F4011.gld.00 \
  --stack=16 \
  --check-sections \
  --data-init \
  --pack-data \
  --handles \
  --isr \
  --no-gc-sections \
  --fill-upper=0 \
  --stackguard=16 \
  --no-force-link \
  --smart-io \
  -Map=dist/default/debug/MainPIC.X.debug.map \
  --report-mem \
  --memorysummary \
  dist/default/debug/memoryfile.xml \
  -start-group \
  --library=lega-pic30-elf \
  --library=m-elf \
  --library=lega-c-elf \
  -end-group \


Optional library libp30F4011.a not found
Archive member included because of file (symbol)

c:/program files (x86)/microchip/xc16/v1.35/bin/bin/../../lib\liblega-pic30-elf.a(crt0_standard.o)
                              (__resetPRI)
c:/program files (x86)/microchip/xc16/v1.35/bin/bin/../../lib\liblega-pic30-elf.a(data_init_standard.o)
                              c:/program files (x86)/microchip/xc16/v1.35/bin/bin/../../lib\liblega-pic30-elf.a(crt0_standard.o) (__data_init_standard)
c:/program files (x86)/microchip/xc16/v1.35/bin/bin/../../lib\liblega-pic30-elf.a(crt_start_mode_normal.Leo)
                              (__crt_start_mode_normal)
c:/program files (x86)/microchip/xc16/v1.35/bin/bin/../../lib\libm-elf.a(addsf3.eo)
                              build/default/debug/Encoder.o (___subsf3)
c:/program files (x86)/microchip/xc16/v1.35/bin/bin/../../lib\libm-elf.a(divsf3.eo)
                              build/default/debug/UARTConversionFunctions.o (___divsf3)
c:/program files (x86)/microchip/xc16/v1.35/bin/bin/../../lib\libm-elf.a(feqltle.eo)
                              build/default/debug/Encoder.o (___ltsf2)
c:/program files (x86)/microchip/xc16/v1.35/bin/bin/../../lib\libm-elf.a(fgtge.eo)
                              build/default/debug/MotorControl.o (___gtsf2)
c:/program files (x86)/microchip/xc16/v1.35/bin/bin/../../lib\libm-elf.a(fixsfsi.eo)
                              build/default/debug/MotorControl.o (_(float, int, long long, short, float, short, int))
c:/program files (x86)/microchip/xc16/v1.35/bin/bin/../../lib\libm-elf.a(fixunssfsi.eo)
                              build/default/debug/Timer1Functions.o (___fixunssfsi)
c:/program files (x86)/microchip/xc16/v1.35/bin/bin/../../lib\libm-elf.a(floatsisf.eo)
                              build/default/debug/Encoder.o (___floatsisf)
c:/program files (x86)/microchip/xc16/v1.35/bin/bin/../../lib\libm-elf.a(fpack.eo)
                              c:/program files (x86)/microchip/xc16/v1.35/bin/bin/../../lib\libm-elf.a(addsf3.eo) (__fpack)
c:/program files (x86)/microchip/xc16/v1.35/bin/bin/../../lib\libm-elf.a(funpack.eo)
                              c:/program files (x86)/microchip/xc16/v1.35/bin/bin/../../lib\libm-elf.a(fixsfsi.eo) (__funpack)
c:/program files (x86)/microchip/xc16/v1.35/bin/bin/../../lib\libm-elf.a(funpack2.eo)
                              c:/program files (x86)/microchip/xc16/v1.35/bin/bin/../../lib\libm-elf.a(addsf3.eo) (__funpack2)
c:/program files (x86)/microchip/xc16/v1.35/bin/bin/../../lib\libm-elf.a(futil.eo)
                              c:/program files (x86)/microchip/xc16/v1.35/bin/bin/../../lib\libm-elf.a(addsf3.eo) (__fPropagateNaN)
c:/program files (x86)/microchip/xc16/v1.35/bin/bin/../../lib\libm-elf.a(mulsf3.eo)
                              build/default/debug/Encoder.o (___mulsf3)
c:/program files (x86)/microchip/xc16/v1.35/bin/bin/../../lib\libm-elf.a(fcompare.eo)
[...]
Memory Configuration

Name             Origin             Length             Attributes
data             0x000800           0x000800           a !xr
reset            0x000000           0x000004  
ivt              0x000004           0x00007c  
_reserved        0x000080           0x000004  
aivt             0x000084           0x00007c  
program          0x000100           0x007f00           xr
eedata           0x7ffc00           0x000400  
FUID0            0x8005c0           0x000002  
FUID1            0x8005c2           0x000002  
FUID2            0x8005c4           0x000002  
FUID3            0x8005c6           0x000002  
FOSC             0xf80000           0x000002  
FWDT             0xf80002           0x000002  
FBORPOR          0xf80004           0x000002  
RESERVED1        0xf80006           0x000002  
RESERVED2        0xf80008           0x000002  
FGS              0xf8000a           0x000002  
FICD             0xf8000c           0x000002  
*default*        0x000000           0xffffffff  

Linker script and memory map

LOAD build/default/debug/main.o
LOAD build/default/debug/Encoder.o
LOAD build/default/debug/GPIOSetup.o
LOAD build/default/debug/MotorControl.o
LOAD build/default/debug/MotorDriver.o
LOAD build/default/debug/PID.o
LOAD build/default/debug/PWMFunctions.o
LOAD build/default/debug/Serial2.o
LOAD build/default/debug/Timer1Functions.o
LOAD build/default/debug/UARTConversionFunctions.o
LOAD build/default/debug/UARTSetup.o
                    0x0001                  __MPLAB_BUILD = 0x1
                    0x0001                  __MPLAB_DEBUG = 0x1
                    0x0001                  __DEBUG = 0x1
                    0x0001                  __MPLAB_DEBUGGER_SIMULATOR = 0x1
LOAD p30F4011
LOAD c:/program files (x86)/microchip/xc16/v1.35/bin/bin/../../lib\libfx-elf.a
                    0x8005c0                  __FUID0 = 0x8005c0
                    0x8005c2                  __FUID1 = 0x8005c2
                    0x8005c4                  __FUID2 = 0x8005c4
                    0x8005c6                  __FUID3 = 0x8005c6
                    0xf80000                  __FOSC = 0xf80000
                    0xf80002                  __FWDT = 0xf80002
                    0xf80004                  __FBORPOR = 0xf80004
                    0xf80006                  __RESERVED1 = 0xf80006
                    0xf80008                  __RESERVED2 = 0xf80008
                    0xf8000a                  __FGS = 0xf8000a
                    0xf8000c                  __FICD = 0xf8000c
                    0x0001                  __NO_HANDLES = 0x1
                    0x0100                  __CODE_BASE = 0x100
                    0x7f00                  __CODE_LENGTH = 0x7f00
                    0x0004                  __IVT_BASE = 0x4
                    0x0084                  __AIVT_BASE = 0x84
                    0x0800                  __DATA_BASE = 0x800
                    0x0800                  __DATA_LENGTH = 0x800
                    0x0c00                  __YDATA_BASE = 0xc00

.reset            0x000000          0x4
                  0x000000          0x2 SHORT 0x100 ABSOLUTE (__reset)
                  0x000001          0x2 SHORT 0x4
                  0x000002          0x2 SHORT 0x0 ((ABSOLUTE (__reset) >> 0x10) & 0x7f)
                  0x000003          0x2 SHORT 0x0

.text             0x000100       0x1c8e
 *(.init)
 .init            0x000100         0x4c c:/program files (x86)/microchip/xc16/v1.35/bin/bin/../../lib\liblega-pic30-elf.a(crt0_standard.o)
                  0x000100                  __resetPRI
                  0x000100                  __reset
                  0x00013c                  __psv_init
 .init            0x00014c         0x7c c:/program files (x86)/microchip/xc16/v1.35/bin/bin/../../lib\liblega-pic30-elf.a(data_init_standard.o)
                  0x000152                  __data_init_standard
                  0x000152                  __data_init
 *(.user_init)
 *(.handle)
 *(.isr*)
 .isr.text        0x0001cc         0x30 build/default/debug/Encoder.o
                  0x0001cc                  __QEIInterrupt
 .isr.text        0x0001fc         0x12 build/default/debug/PWMFunctions.o
                  0x0001fc                  __PWMInterrupt
 .isr.text        0x00020e         0x8c build/default/debug/Serial2.o
                  0x00020e                  __U2RXInterrupt
                  0x000292                  __U2TXInterrupt
 .isr.text        0x00029a         0x54 build/default/debug/Timer1Functions.o
                  0x00029a                  __T1Interrupt
 .isr.text        0x0002ee         0x5e build/default/debug/UARTSetup.o
                  0x0002ee                  __U1RXInterrupt
                  0x000318                  __U1TXInterrupt
 .isr             0x00034c          0x4 default_isr
                  0x00034c                  __DefaultInterrupt
 *(.libc)
 *(.libm)
 *(.libdsp)
 *(.lib*)
 .libpic30_crt_start_mode
                  0x000350          0x2 c:/program files (x86)/microchip/xc16/v1.35/bin/bin/../../lib\liblega-pic30-elf.a(crt_start_mode_normal.Leo)
                  0x000350                  __crt_start_mode
                  0x000350                  __crt_start_mode_normal
 .libm.subsf3     0x000352         0xbc c:/program files (x86)/microchip/xc16/v1.35/bin/bin/../../lib\libm-elf.a(addsf3.eo)
                  0x000352                  ___subsf3
                  0x000354                  ___addsf3
 .libm.divfs3     0x00040e         0x84 c:/program files (x86)/microchip/xc16/v1.35/bin/bin/../../lib\libm-elf.a(divsf3.eo)
                  0x00040e                  ___divsf3
 .libm.eqsf2      0x000492          0x4 c:/program files (x86)/microchip/xc16/v1.35/bin/bin/../../lib\libm-elf.a(feqltle.eo)
                  0x000492                  ___eqsf2
                  0x000492                  ___ltsf2
                  0x000492                  ___lesf2
 .libm.gtsf2      0x000496          0x4 c:/program files (x86)/microchip/xc16/v1.35/bin/bin/../../lib\libm-elf.a(fgtge.eo)
                  0x000496                  ___gesf2
                  0x000496                  ___gtsf2
 .libm.fixsfsi    0x00049a         0x42 c:/program files (x86)/microchip/xc16/v1.35/bin/bin/../../lib\libm-elf.a(fixsfsi.eo)
                  0x00049a                  _(float, int, long long, short, float, short, int)
 .libm.fixunssfsi
                  0x0004dc         0x36 c:/program files (x86)/microchip/xc16/v1.35/bin/bin/../../lib\libm-elf.a(fixunssfsi.eo)
                  0x0004dc                  ___fixunssfsi
 .libm.floatsisf
                  0x000512          0x6 c:/program files (x86)/microchip/xc16/v1.35/bin/bin/../../lib\libm-elf.a(floatsisf.eo)
                  0x000512                  ___floatsisf
 .libm.fpack      0x000518         0x4c c:/program files (x86)/microchip/xc16/v1.35/bin/bin/../../lib\libm-elf.a(fpack.eo)
                  0x000518                  __fpack
 .libm.funpack    0x000564         0x2a c:/program files (x86)/microchip/xc16/v1.35/bin/bin/../../lib\libm-elf.a(funpack.eo)
                  0x000564                  __funpack
 .libm.funpack2
                  0x00058e         0x10 c:/program files (x86)/microchip/xc16/v1.35/bin/bin/../../lib\libm-elf.a(funpack2.eo)
                  0x00058e                  __funpack2
 .libm.fPropagateNaN
                  0x00059e         0x12 c:/program files (x86)/microchip/xc16/v1.35/bin/bin/../../lib\libm-elf.a(futil.eo)
                  0x00059e                  __fPropagateNaN
 .libm.fbobExit
                  0x0005b0          0x8 c:/program files (x86)/microchip/xc16/v1.35/bin/bin/../../lib\libm-elf.a(futil.eo)
                  0x0005b0                  __fbopExit
 .libm.fbopReturnNaN
                  0x0005b8          0x6 c:/program files (x86)/microchip/xc16/v1.35/bin/bin/../../lib\libm-elf.a(futil.eo)
                  0x0005b8                  __fbopReturnNaN
 .libm.mulsf3     0x0005be         0x68 c:/program files (x86)/microchip/xc16/v1.35/bin/bin/../../lib\libm-elf.a(mulsf3.eo)
                  0x0005be                  ___mulsf3
 .libm.fcompare
                  0x000626         0x36 c:/program files (x86)/microchip/xc16/v1.35/bin/bin/../../lib\libm-elf.a(fcompare.eo)
                  0x000626                  __fcompare
 .libm.floatdisf
                  0x00065c         0x20 c:/program files (x86)/microchip/xc16/v1.35/bin/bin/../../lib\libm-elf.a(floatdisf.eo)
                  0x00065c                  ___floatdisf
 .libm.floatundisf
                  0x00067c         0x5e c:/program files (x86)/microchip/xc16/v1.35/bin/bin/../../lib\libm-elf.a(floatundisf.eo)
                  0x00067c                  ___floatundisf
 .libc.prout      0x0006da          0xe c:/program files (x86)/microchip/xc16/v1.35/bin/bin/../../lib\liblega-c-elf.a(sprintf_cdfFnopuxX.XXeo)
                  0x0006da                  sprintf_cdfFnopuxX.XXeo:_prout
 .libc._sprintf_cdfFnopuxX
                  0x0006e8         0x1e c:/program files (x86)/microchip/xc16/v1.35/bin/bin/../../lib\liblega-c-elf.a(sprintf_cdfFnopuxX.XXeo)
                  0x0006e8                  __sprintf_cdnopuxX
                  0x0006e8                  __sprintf_cdfFnopuxX
 .libc._Stoul     0x000706        0x134 c:/program files (x86)/microchip/xc16/v1.35/bin/bin/../../lib\liblega-c-elf.a(xstoul.XX_eo)
                  0x000706                  __Stoul
 .libc.isspace    0x00083a         0x10 c:/program files (x86)/microchip/xc16/v1.35/bin/bin/../../lib\liblega-c-elf.a(isspace.XX_eso)
                  0x00083a                  _isspace
 .libc.tolower    0x00084a          0xe c:/program files (x86)/microchip/xc16/v1.35/bin/bin/../../lib\liblega-c-elf.a(tolower.XX_eso)
                  0x00084a                  _tolower
 .libc._Geterrno
                  0x000858          0xc c:/program files (x86)/microchip/xc16/v1.35/bin/bin/../../lib\liblega-c-elf.a(errno.XX_eo)
                  0x000858                  __Geterrno
 .libc.memchr     0x000864         0x14 c:/program files (x86)/microchip/xc16/v1.35/bin/bin/../../lib\liblega-c-elf.a(memchr.XX_eo)
                  0x000864                  _memchr
 .libc.memcpy     0x000878          0xe c:/program files (x86)/microchip/xc16/v1.35/bin/bin/../../lib\liblega-c-elf.a(memcpy.XX_eo)
                  0x000878                  _memcpy
 .libc.__Printf_cdfFnopuxX
                  0x000886        0x164 c:/program files (x86)/microchip/xc16/v1.35/bin/bin/../../lib\liblega-c-elf.a(xprintf_cdfFnopuxX.XXeo)
                  0x000886                  ___Printf_cdnopuxX
                  0x000886                  ___Printf_cdfFnopuxX
 .libc.__Putfld_cdfFnopuxX
                  0x0009ea        0x2a6 c:/program files (x86)/microchip/xc16/v1.35/bin/bin/../../lib\liblega-c-elf.a(xputfld_cdfFnopuxX.XXeo)
                  0x0009ea                  ___Putfld_cdfFnopuxX
                  0x0009ea                  ___Putfld_cdnopuxX
 .libc.__Ldtob_cdfFnopuxX
                  0x000c90        0x250 c:/program files (x86)/microchip/xc16/v1.35/bin/bin/../../lib\liblega-c-elf.a(xldtob_cdfFnopuxX.XXeo)
                  0x000c90                  ___Ldtob_cdfFnopuxX
 .libc.__Genld_cdfFnopuxX
                  0x000ee0        0x208 c:/program files (x86)/microchip/xc16/v1.35/bin/bin/../../lib\liblega-c-elf.a(xgenld_cdfFnopuxX.XXeo)
                  0x000ee0                  ___Genld_cdfFnopuxX
 .libc.div        0x0010e8         0x16 c:/program files (x86)/microchip/xc16/v1.35/bin/bin/../../lib\liblega-c-elf.a(div.XX_eo)
                  0x0010e8                  _div
 .libc.ldiv       0x0010fe         0x2a c:/program files (x86)/microchip/xc16/v1.35/bin/bin/../../lib\liblega-c-elf.a(ldiv.XX_eo)
                  0x0010fe                  _ldiv
 .libc.strchr     0x001128         0x18 c:/program files (x86)/microchip/xc16/v1.35/bin/bin/../../lib\liblega-c-elf.a(strchr.XX_eo)
                  0x001128                  _strchr
 .libc._LDunscale
                  0x001140         0x54 c:/program files (x86)/microchip/xc16/v1.35/bin/bin/../../lib\liblega-c-elf.a(xldunsca.XX_eo)
                  0x001140                  __LDunscale
 .libc._Litob     0x001194        0x25e c:/program files (x86)/microchip/xc16/v1.35/bin/bin/../../lib\liblega-c-elf.a(xlitob.XX_eo)
                  0x001194                  __Litob
 .libc._Puttxt    0x0013f2        0x178 c:/program files (x86)/microchip/xc16/v1.35/bin/bin/../../lib\liblega-c-elf.a(xputtxt.XX_eo)
                  0x0013f2                  __Puttxt
 .libc._Vacopy    0x00156a          0x4 c:/program files (x86)/microchip/xc16/v1.35/bin/bin/../../lib\liblega-c-elf.a(xvacopy.XX_eo)
                  0x00156a                  __Vacopy
 .libc._Dnorm     0x00156e         0x98 c:/program files (x86)/microchip/xc16/v1.35/bin/bin/../../lib\liblega-c-elf.a(xdnorm.XX_elo)
                  0x00156e                  __Dnorm
 .libm.eqdf2      0x001606          0xa c:/program files (x86)/microchip/xc16/v1.35/bin/bin/../../lib\libm-elf.a(deqltle.eo)
                  0x001606                  ___eqdf2
                  0x001606                  ___ltdf2
                  0x001606                  ___ledf2
 .libm.gtdf2      0x001610          0xa c:/program files (x86)/microchip/xc16/v1.35/bin/bin/../../lib\libm-elf.a(dgtge.eo)
                  0x001610                  ___gtdf2
                  0x001610                  ___gedf2
 .libm.divdf3     0x00161a         0xb4 c:/program files (x86)/microchip/xc16/v1.35/bin/bin/../../lib\libm-elf.a(divdf3.eo)
                  0x00161a                  ___divdf3
 .libm.divsi3     0x0016ce         0x1e c:/program files (x86)/microchip/xc16/v1.35/bin/bin/../../lib\libm-elf.a(divsi3.eo)
                  0x0016ce                  ___divsi3
 .libm.dpack      0x0016ec         0x58 c:/program files (x86)/microchip/xc16/v1.35/bin/bin/../../lib\libm-elf.a(dpack.eo)
                  0x0016ec                  __dpack
 .libm.dunpack2
                  0x001744         0x32 c:/program files (x86)/microchip/xc16/v1.35/bin/bin/../../lib\libm-elf.a(dunpack2.eo)
                  0x001744                  __dunpack2
                  0x001766                  __dreturnNaN
                  0x00176c                  __dunpack2exit
 .libm.extendsfdf2
                  0x001776         0x3e c:/program files (x86)/microchip/xc16/v1.35/bin/bin/../../lib\libm-elf.a(extendsfdf.eo)
                  0x001776                  ___extendsfdf2
 .libm.fixdfsi    0x0017b4         0x58 c:/program files (x86)/microchip/xc16/v1.35/bin/bin/../../lib\libm-elf.a(fixdfsi.eo)
                  0x0017b4                  _(float, int, long long, double, float, short, int)
 .libm.floatsidf
                  0x00180c          0x6 c:/program files (x86)/microchip/xc16/v1.35/bin/bin/../../lib\libm-elf.a(floatsidf.eo)
                  0x00180c                  ___floatsidf
 *fill*           0x001812          0x400
 .libm.muldf3     0x001814         0xec c:/program files (x86)/microchip/xc16/v1.35/bin/bin/../../lib\libm-elf.a(muldf3.eo)
                  0x001814                  ___muldf3
 .libm.subdf3     0x001900          0x4 c:/program files (x86)/microchip/xc16/v1.35/bin/bin/../../lib\libm-elf.a(subdf3.eo)
                  0x001900                  ___subdf3
 .libm.udivsi3    0x001904         0x20 c:/program files (x86)/microchip/xc16/v1.35/bin/bin/../../lib\libm-elf.a(udivsi3.eo)
                  0x001904                  ___udivsi3
 .libm.umodsi3    0x001924          0x6 c:/program files (x86)/microchip/xc16/v1.35/bin/bin/../../lib\libm-elf.a(umodsi3.eo)
                  0x001924                  ___umodsi3
 .libm.mulsi3     0x00192a          0xc c:/program files (x86)/microchip/xc16/v1.35/bin/bin/../../lib\libm-elf.a(mulsi3.eo)
                  0x00192a                  ___mulp32peds3
                  0x00192a                  ___mulsi3
                  0x00192a                  ___mulp32eds3
 .libm.__PplusBdi
                  0x001936         0x26 c:/program files (x86)/microchip/xc16/v1.35/bin/bin/../../lib\libm-elf.a(divmoddi3.eo)
 .libm.__PminusBdi
                  0x00195c         0x26 c:/program files (x86)/microchip/xc16/v1.35/bin/bin/../../lib\libm-elf.a(divmoddi3.eo)
 .libm.__udivmoddi3
                  0x001982         0xe6 c:/program files (x86)/microchip/xc16/v1.35/bin/bin/../../lib\libm-elf.a(divmoddi3.eo)
                  0x001982                  ___udivmoddi3
 .libm.__udivdi3
                  0x001a68          0xe c:/program files (x86)/microchip/xc16/v1.35/bin/bin/../../lib\libm-elf.a(divmoddi3.eo)
                  0x001a68                  ___udivdi3
 .libm.__umoddi3
                  0x001a76          0x8 c:/program files (x86)/microchip/xc16/v1.35/bin/bin/../../lib\libm-elf.a(divmoddi3.eo)
                  0x001a76                  ___umoddi3
 .libm.__divdi3
                  0x001a7e         0x60 c:/program files (x86)/microchip/xc16/v1.35/bin/bin/../../lib\libm-elf.a(divmoddi3.eo)
                  0x001a7e                  ___divdi3
 .libm.__moddi3
                  0x001ade         0x5c c:/program files (x86)/microchip/xc16/v1.35/bin/bin/../../lib\libm-elf.a(divmoddi3.eo)
                  0x001ade                  ___moddi3
 *fill*           0x001b3a          0x400
 .libm.adddf3     0x001b3c         0xfc c:/program files (x86)/microchip/xc16/v1.35/bin/bin/../../lib\libm-elf.a(adddf3.eo)
                  0x001b3c                  ___adddf3
 .libm.dcompare
                  0x001c38         0x52 c:/program files (x86)/microchip/xc16/v1.35/bin/bin/../../lib\libm-elf.a(dcompare.eo)
                  0x001c38                  __dcompare
 .libm.dPropagateNaN
                  0x001c8a         0x1c c:/program files (x86)/microchip/xc16/v1.35/bin/bin/../../lib\libm-elf.a(dpropagateNaN.eo)
                  0x001c8a                  __dPropagateNaN
 .libm.dtype      0x001ca6         0x24 c:/program files (x86)/microchip/xc16/v1.35/bin/bin/../../lib\libm-elf.a(dtype.eo)
                  0x001ca6                  __dtype
 .libm.dunpack    0x001cca         0x4e c:/program files (x86)/microchip/xc16/v1.35/bin/bin/../../lib\libm-elf.a(dunpack.eo)
                  0x001cca                  __dunpack
 .libm.floatdidf
                  0x001d18         0x20 c:/program files (x86)/microchip/xc16/v1.35/bin/bin/../../lib\libm-elf.a(floatdidf.eo)
                  0x001d18                  ___floatdidf
 .libm.floatundidf
                  0x001d38         0x56 c:/program files (x86)/microchip/xc16/v1.35/bin/bin/../../lib\libm-elf.a(floatundidf.eo)
                  0x001d38                  ___floatundidf

usercode
 *(usercode)

__FUID0
 *(__FUID0.sec*)

__FUID1
 *(__FUID1.sec*)

__FUID2
 *(__FUID2.sec*)

__FUID3
 *(__FUID3.sec*)

__FOSC
 *(__FOSC.sec*)

__FWDT
 *(__FWDT.sec*)

__FBORPOR
 *(__FBORPOR.sec*)

__RESERVED1
 *(__RESERVED1.sec*)

__RESERVED2
 *(__RESERVED2.sec*)

__FGS
 *(__FGS.sec*)

__FICD
 *(__FICD.sec*)

user_eedata
 *(user_eedata)

userdata
 *(userdata)

.comment
 *(.comment)

.debug_info       0x000000       0x3f73
 *(.debug_info)
 .debug_info      0x000000        0x1de build/default/debug/main.o
 .debug_info      0x0001de        0x999 build/default/debug/Encoder.o
 .debug_info      0x000b77        0x3b4 build/default/debug/GPIOSetup.o
 .debug_info      0x000f2b        0x2ef build/default/debug/MotorControl.o
 .debug_info      0x00121a        0x2c8 build/default/debug/MotorDriver.o
 .debug_info      0x0014e2        0x22c build/default/debug/PID.o
 .debug_info      0x00170e        0x470 build/default/debug/PWMFunctions.o
 .debug_info      0x001b7e        0xd59 build/default/debug/Serial2.o
 .debug_info      0x0028d7        0x858 build/default/debug/Timer1Functions.o
 .debug_info      0x00312f        0x2aa build/default/debug/UARTConversionFunctions.o
 .debug_info      0x0033d9        0xb9a build/default/debug/UARTSetup.o
 *(.gnu.linkonce.wi.*)

.debug_abbrev     0x000000        0x9e9
 *(.debug_abbrev)
 .debug_abbrev    0x000000         0x59 build/default/debug/main.o
 .debug_abbrev    0x000059        0x141 build/default/debug/Encoder.o
 .debug_abbrev    0x00019a         0x88 build/default/debug/GPIOSetup.o
 .debug_abbrev    0x000222         0xc3 build/default/debug/MotorControl.o
 .debug_abbrev    0x0002e5         0xcf build/default/debug/MotorDriver.o
 .debug_abbrev    0x0003b4         0x56 build/default/debug/PID.o
 .debug_abbrev    0x00040a         0xd8 build/default/debug/PWMFunctions.o
 .debug_abbrev    0x0004e2        0x1fa build/default/debug/Serial2.o
 .debug_abbrev    0x0006dc         0xfa build/default/debug/Timer1Functions.o
 .debug_abbrev    0x0007d6         0xbe build/default/debug/UARTConversionFunctions.o
 .debug_abbrev    0x000894        0x155 build/default/debug/UARTSetup.o

.debug_line       0x000000        0x9a3
 *(.debug_line)
 .debug_line      0x000000         0x3c build/default/debug/main.o
 .debug_line      0x00003c        0x11d build/default/debug/Encoder.o
 .debug_line      0x000159         0xf3 build/default/debug/GPIOSetup.o
 .debug_line      0x00024c         0x78 build/default/debug/MotorControl.o
 .debug_line      0x0002c4         0xf6 build/default/debug/MotorDriver.o
 .debug_line      0x0003ba         0x40 build/default/debug/PID.o
 .debug_line      0x0003fa        0x105 build/default/debug/PWMFunctions.o
 .debug_line      0x0004ff        0x16e build/default/debug/Serial2.o
 .debug_line      0x00066d        0x114 build/default/debug/Timer1Functions.o
 .debug_line      0x000781        0x10f build/default/debug/UARTConversionFunctions.o
 .debug_line      0x000890        0x113 build/default/debug/UARTSetup.o

.debug_frame      0x000000        0x4da
 *(.debug_frame)
 .debug_frame     0x000000         0x30 build/default/debug/main.o
 .debug_frame     0x000030         0x98 build/default/debug/Encoder.o
 .debug_frame     0x0000c8         0x30 build/default/debug/GPIOSetup.o
 .debug_frame     0x0000f8         0xac build/default/debug/MotorControl.o
 .debug_frame     0x0001a4         0x30 build/default/debug/MotorDriver.o
 .debug_frame     0x0001d4         0x30 build/default/debug/PID.o
 .debug_frame     0x000204         0x4c build/default/debug/PWMFunctions.o
 .debug_frame     0x000250        0x142 build/default/debug/Serial2.o
 .debug_frame     0x000392         0x74 build/default/debug/Timer1Functions.o
 .debug_frame     0x000406         0x52 build/default/debug/UARTConversionFunctions.o
 .debug_frame     0x000458         0x82 build/default/debug/UARTSetup.o

.debug_str        0x000000        0x1f4
 *(.debug_str)
 .debug_str       0x000000         0x5b build/default/debug/Encoder.o
 .debug_str       0x00005b         0x1e build/default/debug/GPIOSetup.o
 .debug_str       0x000079         0x51 build/default/debug/MotorControl.o
 .debug_str       0x0000ca         0x15 build/default/debug/MotorDriver.o
 .debug_str       0x0000df         0x16 build/default/debug/PWMFunctions.o
 .debug_str       0x0000f5         0x55 build/default/debug/Serial2.o
 .debug_str       0x00014a         0x5d build/default/debug/Timer1Functions.o
 .debug_str       0x0001a7          0x9 build/default/debug/UARTConversionFunctions.o
 .debug_str       0x0001b0         0x44 build/default/debug/UARTSetup.o

.debug_loc
 *(.debug_loc)

.debug_macinfo
 *(.debug_macinfo)

.debug_pubnames
                  0x000000        0x38b
 *(.debug_pubnames)
 .debug_pubnames
                  0x000000         0x63 build/default/debug/main.o
 .debug_pubnames
                  0x000063         0x83 build/default/debug/Encoder.o
 .debug_pubnames
                  0x0000e6         0x20 build/default/debug/GPIOSetup.o
 .debug_pubnames
                  0x000106         0x46 build/default/debug/MotorControl.o
 .debug_pubnames
                  0x00014c         0x22 build/default/debug/MotorDriver.o
 .debug_pubnames
                  0x00016e         0x25 build/default/debug/PID.o
 .debug_pubnames
                  0x000193         0x31 build/default/debug/PWMFunctions.o
 .debug_pubnames
                  0x0001c4         0xf7 build/default/debug/Serial2.o
 .debug_pubnames
                  0x0002bb         0x4f build/default/debug/Timer1Functions.o
 .debug_pubnames
                  0x00030a         0x34 build/default/debug/UARTConversionFunctions.o
 .debug_pubnames
                  0x00033e         0x4d build/default/debug/UARTSetup.o

.debug_ranges
 *(.debug_ranges)

.debug_aranges    0x000000        0x108
 *(.debug_aranges)
 .debug_aranges
                  0x000000         0x18 build/default/debug/main.o
 .debug_aranges
                  0x000018         0x18 build/default/debug/Encoder.o
 .debug_aranges
                  0x000030         0x18 build/default/debug/GPIOSetup.o
 .debug_aranges
                  0x000048         0x18 build/default/debug/MotorControl.o
 .debug_aranges
                  0x000060         0x18 build/default/debug/MotorDriver.o
 .debug_aranges
                  0x000078         0x18 build/default/debug/PID.o
 .debug_aranges
                  0x000090         0x18 build/default/debug/PWMFunctions.o
 .debug_aranges
                  0x0000a8         0x18 build/default/debug/Serial2.o
 .debug_aranges
                  0x0000c0         0x18 build/default/debug/Timer1Functions.o
 .debug_aranges
                  0x0000d8         0x18 build/default/debug/UARTConversionFunctions.o
 .debug_aranges
                  0x0000f0         0x18 build/default/debug/UARTSetup.o
                    0x0000                  WREG0 = 0x0
                    0x0000                  _WREG0 = 0x0
                    0x0002                  WREG1 = 0x2
                    0x0002                  _WREG1 = 0x2
                    0x0004                  WREG2 = 0x4
                    0x0004                  _WREG2 = 0x4
                    0x0006                  WREG3 = 0x6
                    0x0006                  _WREG3 = 0x6
                    0x0008                  WREG4 = 0x8
                    0x0008                  _WREG4 = 0x8
                    0x000a                  WREG5 = 0xa
                    0x000a                  _WREG5 = 0xa
                    0x000c                  WREG6 = 0xc
                    0x000c                  _WREG6 = 0xc
                    0x000e                  WREG7 = 0xe
                    0x000e                  _WREG7 = 0xe
                    0x0010                  WREG8 = 0x10
                    0x0010                  _WREG8 = 0x10
                    0x0012                  WREG9 = 0x12
                    0x0012                  _WREG9 = 0x12
                    0x0014                  WREG10 = 0x14
                    0x0014                  _WREG10 = 0x14
                    0x0016                  WREG11 = 0x16
                    0x0016                  _WREG11 = 0x16
                    0x0018                  WREG12 = 0x18
                    0x0018                  _WREG12 = 0x18
                    0x001a                  WREG13 = 0x1a
                    0x001a                  _WREG13 = 0x1a
                    0x001c                  WREG14 = 0x1c
                    0x001c                  _WREG14 = 0x1c
                    0x001e                  WREG15 = 0x1e
                    0x001e                  _WREG15 = 0x1e
                    0x0020                  SPLIM = 0x20
                    0x0020                  _SPLIM = 0x20
                    0x0022                  ACCAL = 0x22
                    0x0022                  _ACCAL = 0x22
                    0x0024                  ACCAH = 0x24
                    0x0024                  _ACCAH = 0x24
                    0x0026                  ACCAU = 0x26
                    0x0026                  _ACCAU = 0x26
                    0x0028                  ACCBL = 0x28
                    0x0028                  _ACCBL = 0x28
                    0x002a                  ACCBH = 0x2a
                    0x002a                  _ACCBH = 0x2a
                    0x002c                  ACCBU = 0x2c
                    0x002c                  _ACCBU = 0x2c
                    0x002e                  PCL = 0x2e
                    0x002e                  _PCL = 0x2e
                    0x0030                  PCH = 0x30
                    0x0030                  _PCH = 0x30
                    0x0032                  TBLPAG = 0x32
                    0x0032                  _TBLPAG = 0x32
                    0x0034                  PSVPAG = 0x34
                    0x0034                  _PSVPAG = 0x34
                    0x0036                  RCOUNT = 0x36
                    0x0036                  _RCOUNT = 0x36
                    0x0038                  DCOUNT = 0x38
                    0x0038                  _DCOUNT = 0x38
                    0x003a                  DOSTARTL = 0x3a
                    0x003a                  _DOSTARTL = 0x3a
                    0x003c                  DOSTARTH = 0x3c
                    0x003c                  _DOSTARTH = 0x3c
                    0x003e                  DOENDL = 0x3e
                    0x003e                  _DOENDL = 0x3e
                    0x0040                  DOENDH = 0x40
                    0x0040                  _DOENDH = 0x40
                    0x0042                  SR = 0x42
                    0x0042                  _SR = 0x42
                    0x0042                  _SRbits = 0x42
                    0x0044                  CORCON = 0x44
                    0x0044                  _CORCON = 0x44
                    0x0044                  _CORCONbits = 0x44
                    0x0046                  MODCON = 0x46
                    0x0046                  _MODCON = 0x46
                    0x0046                  _MODCONbits = 0x46
                    0x0048                  XMODSRT = 0x48
                    0x0048                  _XMODSRT = 0x48
                    0x004a                  XMODEND = 0x4a
                    0x004a                  _XMODEND = 0x4a
                    0x004c                  YMODSRT = 0x4c
                    0x004c                  _YMODSRT = 0x4c
                    0x004e                  YMODEND = 0x4e
                    0x004e                  _YMODEND = 0x4e
                    0x0050                  XBREV = 0x50
                    0x0050                  _XBREV = 0x50
                    0x0050                  _XBREVbits = 0x50
                    0x0052                  DISICNT = 0x52
                    0x0052                  _DISICNT = 0x52
                    0x0052                  _DISICNTbits = 0x52
                    0x0080                  INTCON1 = 0x80
                    0x0080                  _INTCON1 = 0x80
                    0x0080                  _INTCON1bits = 0x80
                    0x0082                  INTCON2 = 0x82
                    0x0082                  _INTCON2 = 0x82
                    0x0082                  _INTCON2bits = 0x82
                    0x0084                  IFS0 = 0x84
                    0x0084                  _IFS0 = 0x84
                    0x0084                  _IFS0bits = 0x84
                    0x0086                  IFS1 = 0x86
                    0x0086                  _IFS1 = 0x86
                    0x0086                  _IFS1bits = 0x86
                    0x0088                  IFS2 = 0x88
                    0x0088                  _IFS2 = 0x88
                    0x0088                  _IFS2bits = 0x88
                    0x008c                  IEC0 = 0x8c
                    0x008c                  _IEC0 = 0x8c
                    0x008c                  _IEC0bits = 0x8c
                    0x008e                  IEC1 = 0x8e
                    0x008e                  _IEC1 = 0x8e
                    0x008e                  _IEC1bits = 0x8e
                    0x0090                  IEC2 = 0x90
                    0x0090                  _IEC2 = 0x90
                    0x0090                  _IEC2bits = 0x90
                    0x0094                  IPC0 = 0x94
                    0x0094                  _IPC0 = 0x94
                    0x0094                  _IPC0bits = 0x94
                    0x0096                  IPC1 = 0x96
                    0x0096                  _IPC1 = 0x96
                    0x0096                  _IPC1bits = 0x96
                    0x0098                  IPC2 = 0x98
                    0x0098                  _IPC2 = 0x98
                    0x0098                  _IPC2bits = 0x98
                    0x009a                  IPC3 = 0x9a
                    0x009a                  _IPC3 = 0x9a
                    0x009a                  _IPC3bits = 0x9a
                    0x009c                  IPC4 = 0x9c
                    0x009c                  _IPC4 = 0x9c
                    0x009c                  _IPC4bits = 0x9c
                    0x009e                  IPC5 = 0x9e
                    0x009e                  _IPC5 = 0x9e
                    0x009e                  _IPC5bits = 0x9e
                    0x00a0                  IPC6 = 0xa0
                    0x00a0                  _IPC6 = 0xa0
                    0x00a0                  _IPC6bits = 0xa0
                    0x00a6                  IPC9 = 0xa6
                    0x00a6                  _IPC9 = 0xa6
                    0x00a6                  _IPC9bits = 0xa6
                    0x00a8                  IPC10 = 0xa8
                    0x00a8                  _IPC10 = 0xa8
                    0x00a8                  _IPC10bits = 0xa8
                    0x00b0                  INTTREG = 0xb0
                    0x00b0                  _INTTREG = 0xb0
                    0x00b0                  _INTTREGbits = 0xb0
                    0x00c0                  CNEN1 = 0xc0
                    0x00c0                  _CNEN1 = 0xc0
                    0x00c0                  _CNEN1bits = 0xc0
                    0x00c2                  CNEN2 = 0xc2
                    0x00c2                  _CNEN2 = 0xc2
                    0x00c2                  _CNEN2bits = 0xc2
                    0x00c4                  CNPU1 = 0xc4
                    0x00c4                  _CNPU1 = 0xc4
                    0x00c4                  _CNPU1bits = 0xc4
                    0x00c6                  CNPU2 = 0xc6
                    0x00c6                  _CNPU2 = 0xc6
                    0x00c6                  _CNPU2bits = 0xc6
                    0x0100                  TMR1 = 0x100
                    0x0100                  _TMR1 = 0x100
                    0x0102                  PR1 = 0x102
                    0x0102                  _PR1 = 0x102
                    0x0104                  T1CON = 0x104
                    0x0104                  _T1CON = 0x104
                    0x0104                  _T1CONbits = 0x104
                    0x0106                  TMR2 = 0x106
                    0x0106                  _TMR2 = 0x106
                    0x0108                  TMR3HLD = 0x108
                    0x0108                  _TMR3HLD = 0x108
                    0x010a                  TMR3 = 0x10a
                    0x010a                  _TMR3 = 0x10a
                    0x010c                  PR2 = 0x10c
                    0x010c                  _PR2 = 0x10c
                    0x010e                  PR3 = 0x10e
                    0x010e                  _PR3 = 0x10e
                    0x0110                  T2CON = 0x110
                    0x0110                  _T2CON = 0x110
                    0x0110                  _T2CONbits = 0x110
                    0x0112                  T3CON = 0x112
                    0x0112                  _T3CON = 0x112
                    0x0112                  _T3CONbits = 0x112
                    0x0114                  TMR4 = 0x114
                    0x0114                  _TMR4 = 0x114
                    0x0116                  TMR5HLD = 0x116
                    0x0116                  _TMR5HLD = 0x116
                    0x0118                  TMR5 = 0x118
                    0x0118                  _TMR5 = 0x118
                    0x011a                  PR4 = 0x11a
                    0x011a                  _PR4 = 0x11a
                    0x011c                  PR5 = 0x11c
                    0x011c                  _PR5 = 0x11c
                    0x011e                  T4CON = 0x11e
                    0x011e                  _T4CON = 0x11e
                    0x011e                  _T4CONbits = 0x11e
                    0x0120                  T5CON = 0x120
                    0x0120                  _T5CON = 0x120
                    0x0120                  _T5CONbits = 0x120
                    0x0122                  QEICON = 0x122
                    0x0122                  _QEICON = 0x122
                    0x0122                  _QEICONbits = 0x122
                    0x0124                  DFLTCON = 0x124
                    0x0124                  _DFLTCON = 0x124
                    0x0124                  _DFLTCONbits = 0x124
                    0x0126                  POSCNT = 0x126
                    0x0126                  _POSCNT = 0x126
                    0x0128                  MAXCNT = 0x128
                    0x0128                  _MAXCNT = 0x128
                    0x0140                  IC1BUF = 0x140
                    0x0140                  _IC1BUF = 0x140
                    0x0142                  IC1CON = 0x142
                    0x0142                  _IC1CON = 0x142
                    0x0142                  _IC1CONbits = 0x142
                    0x0144                  IC2BUF = 0x144
                    0x0144                  _IC2BUF = 0x144
                    0x0146                  IC2CON = 0x146
                    0x0146                  _IC2CON = 0x146
                    0x0146                  _IC2CONbits = 0x146
                    0x0158                  IC7BUF = 0x158
                    0x0158                  _IC7BUF = 0x158
                    0x015a                  IC7CON = 0x15a
                    0x015a                  _IC7CON = 0x15a
                    0x015a                  _IC7CONbits = 0x15a
                    0x015c                  IC8BUF = 0x15c
                    0x015c                  _IC8BUF = 0x15c
                    0x015e                  IC8CON = 0x15e
                    0x015e                  _IC8CON = 0x15e
                    0x015e                  _IC8CONbits = 0x15e
                    0x0180                  OC1RS = 0x180
                    0x0180                  _OC1RS = 0x180
                    0x0182                  OC1R = 0x182
                    0x0182                  _OC1R = 0x182
                    0x0184                  OC1CON = 0x184
                    0x0184                  _OC1CON = 0x184
                    0x0184                  _OC1CONbits = 0x184
                    0x0186                  OC2RS = 0x186
                    0x0186                  _OC2RS = 0x186
                    0x0188                  OC2R = 0x188
                    0x0188                  _OC2R = 0x188
                    0x018a                  OC2CON = 0x18a
                    0x018a                  _OC2CON = 0x18a
                    0x018a                  _OC2CONbits = 0x18a
                    0x018c                  OC3RS = 0x18c
                    0x018c                  _OC3RS = 0x18c
                    0x018e                  OC3R = 0x18e
                    0x018e                  _OC3R = 0x18e
                    0x0190                  OC3CON = 0x190
                    0x0190                  _OC3CON = 0x190
                    0x0190                  _OC3CONbits = 0x190
                    0x0192                  OC4RS = 0x192
                    0x0192                  _OC4RS = 0x192
                    0x0194                  OC4R = 0x194
                    0x0194                  _OC4R = 0x194
                    0x0196                  OC4CON = 0x196
                    0x0196                  _OC4CON = 0x196
                    0x0196                  _OC4CONbits = 0x196
                    0x01c0                  PTCON = 0x1c0
                    0x01c0                  _PTCON = 0x1c0
                    0x01c0                  _PTCONbits = 0x1c0
                    0x01c2                  PTMR = 0x1c2
                    0x01c2                  _PTMR = 0x1c2
                    0x01c2                  _PTMRbits = 0x1c2
                    0x01c4                  PTPER = 0x1c4
                    0x01c4                  _PTPER = 0x1c4
                    0x01c4                  _PTPERbits = 0x1c4
                    0x01c6                  SEVTCMP = 0x1c6
                    0x01c6                  _SEVTCMP = 0x1c6
                    0x01c6                  _SEVTCMPbits = 0x1c6
                    0x01c8                  PWMCON1 = 0x1c8
                    0x01c8                  _PWMCON1 = 0x1c8
                    0x01c8                  _PWMCON1bits = 0x1c8
                    0x01ca                  PWMCON2 = 0x1ca
                    0x01ca                  _PWMCON2 = 0x1ca
                    0x01ca                  _PWMCON2bits = 0x1ca
                    0x01cc                  DTCON1 = 0x1cc
                    0x01cc                  _DTCON1 = 0x1cc
                    0x01cc                  _DTCON1bits = 0x1cc
                    0x01d0                  FLTACON = 0x1d0
                    0x01d0                  _FLTACON = 0x1d0
                    0x01d0                  _FLTACONbits = 0x1d0
                    0x01d4                  OVDCON = 0x1d4
                    0x01d4                  _OVDCON = 0x1d4
                    0x01d4                  _OVDCONbits = 0x1d4
                    0x01d6                  PDC1 = 0x1d6
                    0x01d6                  _PDC1 = 0x1d6
                    0x01d8                  PDC2 = 0x1d8
                    0x01d8                  _PDC2 = 0x1d8
                    0x01da                  PDC3 = 0x1da
                    0x01da                  _PDC3 = 0x1da
                    0x0200                  I2CRCV = 0x200
                    0x0200                  _I2CRCV = 0x200
                    0x0200                  _I2CRCVbits = 0x200
                    0x0202                  I2CTRN = 0x202
                    0x0202                  _I2CTRN = 0x202
                    0x0202                  _I2CTRNbits = 0x202
                    0x0204                  I2CBRG = 0x204
                    0x0204                  _I2CBRG = 0x204
                    0x0204                  _I2CBRGbits = 0x204
                    0x0206                  I2CCON = 0x206
                    0x0206                  _I2CCON = 0x206
                    0x0206                  _I2CCONbits = 0x206
                    0x0208                  I2CSTAT = 0x208
                    0x0208                  _I2CSTAT = 0x208
                    0x0208                  _I2CSTATbits = 0x208
                    0x020a                  I2CADD = 0x20a
                    0x020a                  _I2CADD = 0x20a
                    0x020a                  _I2CADDbits = 0x20a
                    0x020c                  U1MODE = 0x20c
                    0x020c                  _U1MODE = 0x20c
                    0x020c                  _U1MODEbits = 0x20c
                    0x020e                  U1STA = 0x20e
                    0x020e                  _U1STA = 0x20e
                    0x020e                  _U1STAbits = 0x20e
                    0x0210                  U1TXREG = 0x210
                    0x0210                  _U1TXREG = 0x210
                    0x0210                  _U1TXREGbits = 0x210
                    0x0212                  U1RXREG = 0x212
                    0x0212                  _U1RXREG = 0x212
                    0x0212                  _U1RXREGbits = 0x212
                    0x0214                  U1BRG = 0x214
                    0x0214                  _U1BRG = 0x214
                    0x0216                  U2MODE = 0x216
                    0x0216                  _U2MODE = 0x216
                    0x0216                  _U2MODEbits = 0x216
                    0x0218                  U2STA = 0x218
                    0x0218                  _U2STA = 0x218
                    0x0218                  _U2STAbits = 0x218
                    0x021a                  U2TXREG = 0x21a
                    0x021a                  _U2TXREG = 0x21a
                    0x021a                  _U2TXREGbits = 0x21a
                    0x021c                  U2RXREG = 0x21c
                    0x021c                  _U2RXREG = 0x21c
                    0x021c                  _U2RXREGbits = 0x21c
                    0x021e                  U2BRG = 0x21e
                    0x021e                  _U2BRG = 0x21e
                    0x0220                  SPI1STAT = 0x220
                    0x0220                  _SPI1STAT = 0x220
                    0x0220                  _SPI1STATbits = 0x220
                    0x0222                  SPI1CON = 0x222
                    0x0222                  _SPI1CON = 0x222
                    0x0222                  _SPI1CONbits = 0x222
                    0x0224                  SPI1BUF = 0x224
                    0x0224                  _SPI1BUF = 0x224
                    0x0280                  ADCBUF0 = 0x280
                    0x0280                  _ADCBUF0 = 0x280
                    0x0282                  ADCBUF1 = 0x282
                    0x0282                  _ADCBUF1 = 0x282
                    0x0284                  ADCBUF2 = 0x284
                    0x0284                  _ADCBUF2 = 0x284
                    0x0286                  ADCBUF3 = 0x286
                    0x0286                  _ADCBUF3 = 0x286
                    0x0288                  ADCBUF4 = 0x288
                    0x0288                  _ADCBUF4 = 0x288
                    0x028a                  ADCBUF5 = 0x28a
                    0x028a                  _ADCBUF5 = 0x28a
                    0x028c                  ADCBUF6 = 0x28c
                    0x028c                  _ADCBUF6 = 0x28c
                    0x028e                  ADCBUF7 = 0x28e
                    0x028e                  _ADCBUF7 = 0x28e
                    0x0290                  ADCBUF8 = 0x290
                    0x0290                  _ADCBUF8 = 0x290
                    0x0292                  ADCBUF9 = 0x292
                    0x0292                  _ADCBUF9 = 0x292
                    0x0294                  ADCBUFA = 0x294
                    0x0294                  _ADCBUFA = 0x294
                    0x0296                  ADCBUFB = 0x296
                    0x0296                  _ADCBUFB = 0x296
                    0x0298                  ADCBUFC = 0x298
                    0x0298                  _ADCBUFC = 0x298
                    0x029a                  ADCBUFD = 0x29a
                    0x029a                  _ADCBUFD = 0x29a
                    0x029c                  ADCBUFE = 0x29c
                    0x029c                  _ADCBUFE = 0x29c
                    0x029e                  ADCBUFF = 0x29e
                    0x029e                  _ADCBUFF = 0x29e
                    0x02a0                  ADCON1 = 0x2a0
                    0x02a0                  _ADCON1 = 0x2a0
                    0x02a0                  _ADCON1bits = 0x2a0
                    0x02a2                  ADCON2 = 0x2a2
                    0x02a2                  _ADCON2 = 0x2a2
                    0x02a2                  _ADCON2bits = 0x2a2
                    0x02a4                  ADCON3 = 0x2a4
                    0x02a4                  _ADCON3 = 0x2a4
                    0x02a4                  _ADCON3bits = 0x2a4
                    0x02a6                  ADCHS = 0x2a6
                    0x02a6                  _ADCHS = 0x2a6
                    0x02a6                  _ADCHSbits = 0x2a6
                    0x02a8                  ADPCFG = 0x2a8
                    0x02a8                  _ADPCFG = 0x2a8
                    0x02a8                  _ADPCFGbits = 0x2a8
                    0x02aa                  ADCSSL = 0x2aa
                    0x02aa                  _ADCSSL = 0x2aa
                    0x02aa                  _ADCSSLbits = 0x2aa
                    0x02c6                  TRISB = 0x2c6
                    0x02c6                  _TRISB = 0x2c6
                    0x02c6                  _TRISBbits = 0x2c6
                    0x02c8                  PORTB = 0x2c8
                    0x02c8                  _PORTB = 0x2c8
                    0x02c8                  _PORTBbits = 0x2c8
                    0x02ca                  LATB = 0x2ca
                    0x02ca                  _LATB = 0x2ca
                    0x02ca                  _LATBbits = 0x2ca
                    0x02cc                  TRISC = 0x2cc
                    0x02cc                  _TRISC = 0x2cc
                    0x02cc                  _TRISCbits = 0x2cc
                    0x02ce                  PORTC = 0x2ce
                    0x02ce                  _PORTC = 0x2ce
                    0x02ce                  _PORTCbits = 0x2ce
                    0x02d0                  LATC = 0x2d0
                    0x02d0                  _LATC = 0x2d0
                    0x02d0                  _LATCbits = 0x2d0
                    0x02d2                  TRISD = 0x2d2
                    0x02d2                  _TRISD = 0x2d2
                    0x02d2                  _TRISDbits = 0x2d2
                    0x02d4                  PORTD = 0x2d4
                    0x02d4                  _PORTD = 0x2d4
                    0x02d4                  _PORTDbits = 0x2d4
                    0x02d6                  LATD = 0x2d6
                    0x02d6                  _LATD = 0x2d6
                    0x02d6                  _LATDbits = 0x2d6
                    0x02d8                  TRISE = 0x2d8
                    0x02d8                  _TRISE = 0x2d8
                    0x02d8                  _TRISEbits = 0x2d8
                    0x02da                  PORTE = 0x2da
                    0x02da                  _PORTE = 0x2da
                    0x02da                  _PORTEbits = 0x2da
                    0x02dc                  LATE = 0x2dc
                    0x02dc                  _LATE = 0x2dc
                    0x02dc                  _LATEbits = 0x2dc
                    0x02de                  TRISF = 0x2de
                    0x02de                  _TRISF = 0x2de
                    0x02de                  _TRISFbits = 0x2de
                    0x02e0                  PORTF = 0x2e0
                    0x02e0                  _PORTF = 0x2e0
                    0x02e0                  _PORTFbits = 0x2e0
                    0x02e2                  LATF = 0x2e2
                    0x02e2                  _LATF = 0x2e2
                    0x02e2                  _LATFbits = 0x2e2
                    0x0300                  C1RXF0SID = 0x300
                    0x0300                  _C1RXF0SID = 0x300
                    0x0300                  _C1RXF0SIDbits = 0x300
                    0x0302                  C1RXF0EIDH = 0x302
                    0x0302                  _C1RXF0EIDH = 0x302
                    0x0302                  _C1RXF0EIDHbits = 0x302
                    0x0304                  C1RXF0EIDL = 0x304
                    0x0304                  _C1RXF0EIDL = 0x304
                    0x0304                  _C1RXF0EIDLbits = 0x304
                    0x0308                  C1RXF1SID = 0x308
                    0x0308                  _C1RXF1SID = 0x308
                    0x0308                  _C1RXF1SIDbits = 0x308
                    0x030a                  C1RXF1EIDH = 0x30a
                    0x030a                  _C1RXF1EIDH = 0x30a
                    0x030a                  _C1RXF1EIDHbits = 0x30a
                    0x030c                  C1RXF1EIDL = 0x30c
                    0x030c                  _C1RXF1EIDL = 0x30c
                    0x030c                  _C1RXF1EIDLbits = 0x30c
                    0x0310                  C1RXF2SID = 0x310
                    0x0310                  _C1RXF2SID = 0x310
                    0x0310                  _C1RXF2SIDbits = 0x310
                    0x0312                  C1RXF2EIDH = 0x312
                    0x0312                  _C1RXF2EIDH = 0x312
                    0x0312                  _C1RXF2EIDHbits = 0x312
                    0x0314                  C1RXF2EIDL = 0x314
                    0x0314                  _C1RXF2EIDL = 0x314
                    0x0314                  _C1RXF2EIDLbits = 0x314
                    0x0318                  C1RXF3SID = 0x318
                    0x0318                  _C1RXF3SID = 0x318
                    0x0318                  _C1RXF3SIDbits = 0x318
                    0x031a                  C1RXF3EIDH = 0x31a
                    0x031a                  _C1RXF3EIDH = 0x31a
                    0x031a                  _C1RXF3EIDHbits = 0x31a
                    0x031c                  C1RXF3EIDL = 0x31c
                    0x031c                  _C1RXF3EIDL = 0x31c
                    0x031c                  _C1RXF3EIDLbits = 0x31c
                    0x0320                  C1RXF4SID = 0x320
                    0x0320                  _C1RXF4SID = 0x320
                    0x0320                  _C1RXF4SIDbits = 0x320
                    0x0322                  C1RXF4EIDH = 0x322
                    0x0322                  _C1RXF4EIDH = 0x322
                    0x0322                  _C1RXF4EIDHbits = 0x322
                    0x0324                  C1RXF4EIDL = 0x324
                    0x0324                  _C1RXF4EIDL = 0x324
                    0x0324                  _C1RXF4EIDLbits = 0x324
                    0x0328                  C1RXF5SID = 0x328
                    0x0328                  _C1RXF5SID = 0x328
                    0x0328                  _C1RXF5SIDbits = 0x328
                    0x032a                  C1RXF5EIDH = 0x32a
                    0x032a                  _C1RXF5EIDH = 0x32a
                    0x032a                  _C1RXF5EIDHbits = 0x32a
                    0x032c                  C1RXF5EIDL = 0x32c
                    0x032c                  _C1RXF5EIDL = 0x32c
                    0x032c                  _C1RXF5EIDLbits = 0x32c
                    0x0330                  C1RXM0SID = 0x330
                    0x0330                  _C1RXM0SID = 0x330
                    0x0330                  _C1RXM0SIDbits = 0x330
                    0x0332                  C1RXM0EIDH = 0x332
                    0x0332                  _C1RXM0EIDH = 0x332
                    0x0332                  _C1RXM0EIDHbits = 0x332
                    0x0334                  C1RXM0EIDL = 0x334
                    0x0334                  _C1RXM0EIDL = 0x334
                    0x0334                  _C1RXM0EIDLbits = 0x334
                    0x0338                  C1RXM1SID = 0x338
                    0x0338                  _C1RXM1SID = 0x338
                    0x0338                  _C1RXM1SIDbits = 0x338
                    0x033a                  C1RXM1EIDH = 0x33a
                    0x033a                  _C1RXM1EIDH = 0x33a
                    0x033a                  _C1RXM1EIDHbits = 0x33a
                    0x033c                  C1RXM1EIDL = 0x33c
                    0x033c                  _C1RXM1EIDL = 0x33c
                    0x033c                  _C1RXM1EIDLbits = 0x33c
                    0x0340                  C1TX2SID = 0x340
                    0x0340                  _C1TX2SID = 0x340
                    0x0340                  _C1TX2SIDbits = 0x340
                    0x0342                  C1TX2EID = 0x342
                    0x0342                  _C1TX2EID = 0x342
                    0x0342                  _C1TX2EIDbits = 0x342
                    0x0344                  C1TX2DLC = 0x344
                    0x0344                  _C1TX2DLC = 0x344
                    0x0344                  _C1TX2DLCbits = 0x344
                    0x0346                  C1TX2B1 = 0x346
                    0x0346                  _C1TX2B1 = 0x346
                    0x0346                  _C1TX2B1bits = 0x346
                    0x0348                  C1TX2B2 = 0x348
                    0x0348                  _C1TX2B2 = 0x348
                    0x0348                  _C1TX2B2bits = 0x348
                    0x034a                  C1TX2B3 = 0x34a
                    0x034a                  _C1TX2B3 = 0x34a
                    0x034a                  _C1TX2B3bits = 0x34a
                    0x034c                  C1TX2B4 = 0x34c
                    0x034c                  _C1TX2B4 = 0x34c
                    0x034c                  _C1TX2B4bits = 0x34c
                    0x034e                  C1TX2CON = 0x34e
                    0x034e                  _C1TX2CON = 0x34e
                    0x034e                  _C1TX2CONbits = 0x34e
                    0x0350                  C1TX1SID = 0x350
                    0x0350                  _C1TX1SID = 0x350
                    0x0350                  _C1TX1SIDbits = 0x350
                    0x0352                  C1TX1EID = 0x352
                    0x0352                  _C1TX1EID = 0x352
                    0x0352                  _C1TX1EIDbits = 0x352
                    0x0354                  C1TX1DLC = 0x354
                    0x0354                  _C1TX1DLC = 0x354
                    0x0354                  _C1TX1DLCbits = 0x354
                    0x0356                  C1TX1B1 = 0x356
                    0x0356                  _C1TX1B1 = 0x356
                    0x0356                  _C1TX1B1bits = 0x356
                    0x0358                  C1TX1B2 = 0x358
                    0x0358                  _C1TX1B2 = 0x358
                    0x0358                  _C1TX1B2bits = 0x358
                    0x035a                  C1TX1B3 = 0x35a
                    0x035a                  _C1TX1B3 = 0x35a
                    0x035a                  _C1TX1B3bits = 0x35a
                    0x035c                  C1TX1B4 = 0x35c
                    0x035c                  _C1TX1B4 = 0x35c
                    0x035c                  _C1TX1B4bits = 0x35c
                    0x035e                  C1TX1CON = 0x35e
                    0x035e                  _C1TX1CON = 0x35e
                    0x035e                  _C1TX1CONbits = 0x35e
                    0x0360                  C1TX0SID = 0x360
                    0x0360                  _C1TX0SID = 0x360
                    0x0360                  _C1TX0SIDbits = 0x360
                    0x0362                  C1TX0EID = 0x362
                    0x0362                  _C1TX0EID = 0x362
                    0x0362                  _C1TX0EIDbits = 0x362
                    0x0364                  C1TX0DLC = 0x364
                    0x0364                  _C1TX0DLC = 0x364
                    0x0364                  _C1TX0DLCbits = 0x364
                    0x0366                  C1TX0B1 = 0x366
                    0x0366                  _C1TX0B1 = 0x366
                    0x0366                  _C1TX0B1bits = 0x366
                    0x0368                  C1TX0B2 = 0x368
                    0x0368                  _C1TX0B2 = 0x368
                    0x0368                  _C1TX0B2bits = 0x368
                    0x036a                  C1TX0B3 = 0x36a
                    0x036a                  _C1TX0B3 = 0x36a
                    0x036a                  _C1TX0B3bits = 0x36a
                    0x036c                  C1TX0B4 = 0x36c
                    0x036c                  _C1TX0B4 = 0x36c
                    0x036c                  _C1TX0B4bits = 0x36c
                    0x036e                  C1TX0CON = 0x36e
                    0x036e                  _C1TX0CON = 0x36e
                    0x036e                  _C1TX0CONbits = 0x36e
                    0x0370                  C1RX1SID = 0x370
                    0x0370                  _C1RX1SID = 0x370
                    0x0370                  _C1RX1SIDbits = 0x370
                    0x0372                  C1RX1EID = 0x372
                    0x0372                  _C1RX1EID = 0x372
                    0x0372                  _C1RX1EIDbits = 0x372
                    0x0374                  C1RX1DLC = 0x374
                    0x0374                  _C1RX1DLC = 0x374
                    0x0374                  _C1RX1DLCbits = 0x374
                    0x0376                  C1RX1B1 = 0x376
                    0x0376                  _C1RX1B1 = 0x376
                    0x0376                  _C1RX1B1bits = 0x376
                    0x0378                  C1RX1B2 = 0x378
                    0x0378                  _C1RX1B2 = 0x378
                    0x0378                  _C1RX1B2bits = 0x378
                    0x037a                  C1RX1B3 = 0x37a
                    0x037a                  _C1RX1B3 = 0x37a
                    0x037a                  _C1RX1B3bits = 0x37a
                    0x037c                  C1RX1B4 = 0x37c
                    0x037c                  _C1RX1B4 = 0x37c
                    0x037c                  _C1RX1B4bits = 0x37c
                    0x037e                  C1RX1CON = 0x37e
                    0x037e                  _C1RX1CON = 0x37e
                    0x037e                  _C1RX1CONbits = 0x37e
                    0x0380                  C1RX0SID = 0x380
                    0x0380                  _C1RX0SID = 0x380
                    0x0380                  _C1RX0SIDbits = 0x380
                    0x0382                  C1RX0EID = 0x382
                    0x0382                  _C1RX0EID = 0x382
                    0x0382                  _C1RX0EIDbits = 0x382
                    0x0384                  C1RX0DLC = 0x384
                    0x0384                  _C1RX0DLC = 0x384
                    0x0384                  _C1RX0DLCbits = 0x384
                    0x0386                  C1RX0B1 = 0x386
                    0x0386                  _C1RX0B1 = 0x386
                    0x0386                  _C1RX0B1bits = 0x386
                    0x0388                  C1RX0B2 = 0x388
                    0x0388                  _C1RX0B2 = 0x388
                    0x0388                  _C1RX0B2bits = 0x388
                    0x038a                  C1RX0B3 = 0x38a
                    0x038a                  _C1RX0B3 = 0x38a
                    0x038a                  _C1RX0B3bits = 0x38a
                    0x038c                  C1RX0B4 = 0x38c
                    0x038c                  _C1RX0B4 = 0x38c
                    0x038c                  _C1RX0B4bits = 0x38c
                    0x038e                  C1RX0CON = 0x38e
                    0x038e                  _C1RX0CON = 0x38e
                    0x038e                  _C1RX0CONbits = 0x38e
                    0x0390                  C1CTRL = 0x390
                    0x0390                  _C1CTRL = 0x390
                    0x0390                  _C1CTRLbits = 0x390
                    0x0392                  C1CFG1 = 0x392
                    0x0392                  _C1CFG1 = 0x392
                    0x0392                  _C1CFG1bits = 0x392
                    0x0394                  C1CFG2 = 0x394
                    0x0394                  _C1CFG2 = 0x394
                    0x0394                  _C1CFG2bits = 0x394
                    0x0396                  C1INTF = 0x396
                    0x0396                  _C1INTF = 0x396
                    0x0396                  _C1INTFbits = 0x396
                    0x0398                  C1INTE = 0x398
                    0x0398                  _C1INTE = 0x398
                    0x0398                  _C1INTEbits = 0x398
                    0x039a                  C1EC = 0x39a
                    0x039a                  _C1EC = 0x39a
                    0x039a                  _C1ECbits = 0x39a
                    0x039a                  C1RERRCNT = 0x39a
                    0x039a                  _C1RERRCNT = 0x39a
                    0x039b                  C1TERRCNT = 0x39b
                    0x039b                  _C1TERRCNT = 0x39b
                    0x0740                  RCON = 0x740
                    0x0740                  _RCON = 0x740
                    0x0740                  _RCONbits = 0x740
                    0x0742                  OSCCON = 0x742
                    0x0742                  _OSCCON = 0x742
                    0x0742                  _OSCCONbits = 0x742
                    0x0742                  OSCCONL = 0x742
                    0x0742                  _OSCCONL = 0x742
                    0x0743                  OSCCONH = 0x743
                    0x0743                  _OSCCONH = 0x743
                    0x0760                  NVMCON = 0x760
                    0x0760                  _NVMCON = 0x760
                    0x0760                  _NVMCONbits = 0x760
                    0x0762                  NVMADR = 0x762
                    0x0762                  _NVMADR = 0x762
                    0x0764                  NVMADRU = 0x764
                    0x0764                  _NVMADRU = 0x764
                    0x0764                  _NVMADRUbits = 0x764
                    0x0766                  NVMKEY = 0x766
                    0x0766                  _NVMKEY = 0x766
                    0x0770                  PMD1 = 0x770
                    0x0770                  _PMD1 = 0x770
                    0x0770                  _PMD1bits = 0x770
                    0x0772                  PMD2 = 0x772
                    0x0772                  _PMD2 = 0x772
                    0x0772                  _PMD2bits = 0x772
                    0x0022                  ACCA = 0x22
                    0x0022                  _ACCA = 0x22
                    0x0028                  ACCB = 0x28
                    0x0028                  _ACCB = 0x28
                    0x0300                  CAN1 = 0x300
                    0x0300                  _CAN1 = 0x300
                    0x0140                  IC1 = 0x140
                    0x0140                  _IC1 = 0x140
                    0x0144                  IC2 = 0x144
                    0x0144                  _IC2 = 0x144
                    0x0158                  IC7 = 0x158
                    0x0158                  _IC7 = 0x158
                    0x015c                  IC8 = 0x15c
                    0x015c                  _IC8 = 0x15c
                    0x0180                  OC1 = 0x180
                    0x0180                  _OC1 = 0x180
                    0x0186                  OC2 = 0x186
                    0x0186                  _OC2 = 0x186
                    0x018c                  OC3 = 0x18c
                    0x018c                  _OC3 = 0x18c
                    0x0192                  OC4 = 0x192
                    0x0192                  _OC4 = 0x192
                    0x0220                  SPI1 = 0x220
                    0x0220                  _SPI1 = 0x220
                    0x020c                  UART1 = 0x20c
                    0x020c                  _UART1 = 0x20c
                    0x0216                  UART2 = 0x216
                    0x0216                  _UART2 = 0x216
START GROUP
LOAD c:/program files (x86)/microchip/xc16/v1.35/bin/bin/../../lib\liblega-pic30-elf.a
LOAD c:/program files (x86)/microchip/xc16/v1.35/bin/bin/../../lib\libm-elf.a
LOAD c:/program files (x86)/microchip/xc16/v1.35/bin/bin/../../lib\liblega-c-elf.a
END GROUP
OUTPUT(dist/default/debug/MainPIC.X.debug.elf elf32-pic30)
LOAD jump_table
LOAD default_isr
LOAD data_init

.debug_pubtypes
                  0x000108        0x49a
 .debug_pubtypes
                  0x000108         0x12 build/default/debug/main.o
 .debug_pubtypes
                  0x00011a         0xdd build/default/debug/Encoder.o
 .debug_pubtypes
                  0x0001f7         0x7c build/default/debug/GPIOSetup.o
 .debug_pubtypes
                  0x000273         0x12 build/default/debug/MotorControl.o
 .debug_pubtypes
                  0x000285         0x3c build/default/debug/MotorDriver.o
 .debug_pubtypes
                  0x0002c1         0x12 build/default/debug/PID.o
 .debug_pubtypes
                  0x0002d3         0x61 build/default/debug/PWMFunctions.o
 .debug_pubtypes
                  0x000334         0xe3 build/default/debug/Serial2.o
 .debug_pubtypes
                  0x000417         0x95 build/default/debug/Timer1Functions.o
 .debug_pubtypes
                  0x0004ac         0x1f build/default/debug/UARTConversionFunctions.o
 .debug_pubtypes
                  0x0004cb         0xd7 build/default/debug/UARTSetup.o

__c30_signature
                  0x0005a2        0x19e
 __c30_signature
                  0x0005a2          0x6 build/default/debug/main.o
 __c30_signature
                  0x0005a8          0x6 build/default/debug/Encoder.o
 __c30_signature
                  0x0005ae          0x6 build/default/debug/GPIOSetup.o
 __c30_signature
                  0x0005b4          0x6 build/default/debug/MotorControl.o
 __c30_signature
                  0x0005ba          0x6 build/default/debug/MotorDriver.o
 __c30_signature
                  0x0005c0          0x6 build/default/debug/PID.o
 __c30_signature
                  0x0005c6          0x6 build/default/debug/PWMFunctions.o
 __c30_signature
                  0x0005cc          0x6 build/default/debug/Serial2.o
 __c30_signature
                  0x0005d2          0x6 build/default/debug/Timer1Functions.o
 __c30_signature
                  0x0005d8          0x6 build/default/debug/UARTConversionFunctions.o
 __c30_signature
                  0x0005de          0x6 build/default/debug/UARTSetup.o
 __c30_signature
                  0x0005e4          0x6 c:/program files (x86)/microchip/xc16/v1.35/bin/bin/../../lib\liblega-pic30-elf.a(crt0_standard.o)
 __c30_signature
                  0x0005ea          0x6 c:/program files (x86)/microchip/xc16/v1.35/bin/bin/../../lib\liblega-pic30-elf.a(data_init_standard.o)
 __c30_signature
                  0x0005f0          0x6 c:/program files (x86)/microchip/xc16/v1.35/bin/bin/../../lib\libm-elf.a(addsf3.eo)
 __c30_signature
                  0x0005f6          0x6 c:/program files (x86)/microchip/xc16/v1.35/bin/bin/../../lib\libm-elf.a(divsf3.eo)
 __c30_signature
                  0x0005fc          0x6 c:/program files (x86)/microchip/xc16/v1.35/bin/bin/../../lib\libm-elf.a(feqltle.eo)
 __c30_signature
                  0x000602          0x6 c:/program files (x86)/microchip/xc16/v1.35/bin/bin/../../lib\libm-elf.a(fgtge.eo)
 __c30_signature
                  0x000608          0x6 c:/program files (x86)/microchip/xc16/v1.35/bin/bin/../../lib\libm-elf.a(fixsfsi.eo)
 __c30_signature
                  0x00060e          0x6 c:/program files (x86)/microchip/xc16/v1.35/bin/bin/../../lib\libm-elf.a(fixunssfsi.eo)
 __c30_signature
                  0x000614          0x6 c:/program files (x86)/microchip/xc16/v1.35/bin/bin/../../lib\libm-elf.a(floatsisf.eo)
 __c30_signature
                  0x00061a          0x6 c:/program files (x86)/microchip/xc16/v1.35/bin/bin/../../lib\libm-elf.a(fpack.eo)
 __c30_signature
                  0x000620          0x6 c:/program files (x86)/microchip/xc16/v1.35/bin/bin/../../lib\libm-elf.a(funpack.eo)
 __c30_signature
                  0x000626          0x6 c:/program files (x86)/microchip/xc16/v1.35/bin/bin/../../lib\libm-elf.a(funpack2.eo)
 __c30_signature
                  0x00062c          0x6 c:/program files (x86)/microchip/xc16/v1.35/bin/bin/../../lib\libm-elf.a(futil.eo)
 __c30_signature
                  0x000632          0x6 c:/program files (x86)/microchip/xc16/v1.35/bin/bin/../../lib\libm-elf.a(mulsf3.eo)
 __c30_signature
                  0x000638          0x6 c:/program files (x86)/microchip/xc16/v1.35/bin/bin/../../lib\libm-elf.a(fcompare.eo)
 __c30_signature
                  0x00063e          0x6 c:/program files (x86)/microchip/xc16/v1.35/bin/bin/../../lib\libm-elf.a(floatdisf.eo)
 __c30_signature
                  0x000644          0x6 c:/program files (x86)/microchip/xc16/v1.35/bin/bin/../../lib\libm-elf.a(floatundisf.eo)
 __c30_signature
                  0x00064a          0x6 c:/program files (x86)/microchip/xc16/v1.35/bin/bin/../../lib\liblega-c-elf.a(sprintf_cdfFnopuxX.XXeo)
 __c30_signature
                  0x000650          0x6 c:/program files (x86)/microchip/xc16/v1.35/bin/bin/../../lib\liblega-c-elf.a(xstoul.XX_eo)
 __c30_signature
                  0x000656          0x6 c:/program files (x86)/microchip/xc16/v1.35/bin/bin/../../lib\liblega-c-elf.a(isspace.XX_eso)
 __c30_signature
                  0x00065c          0x6 c:/program files (x86)/microchip/xc16/v1.35/bin/bin/../../lib\liblega-c-elf.a(tolower.XX_eso)
 __c30_signature
                  0x000662          0x6 c:/program files (x86)/microchip/xc16/v1.35/bin/bin/../../lib\liblega-c-elf.a(errno.XX_eo)
 __c30_signature
                  0x000668          0x6 c:/program files (x86)/microchip/xc16/v1.35/bin/bin/../../lib\liblega-c-elf.a(memchr.XX_eo)
 __c30_signature
                  0x00066e          0x6 c:/program files (x86)/microchip/xc16/v1.35/bin/bin/../../lib\liblega-c-elf.a(memcpy.XX_eo)
 __c30_signature
                  0x000674          0x6 c:/program files (x86)/microchip/xc16/v1.35/bin/bin/../../lib\liblega-c-elf.a(xprintf_cdfFnopuxX.XXeo)
 __c30_signature
                  0x00067a          0x6 c:/program files (x86)/microchip/xc16/v1.35/bin/bin/../../lib\liblega-c-elf.a(xputfld_cdfFnopuxX.XXeo)
 __c30_signature
                  0x000680          0x6 c:/program files (x86)/microchip/xc16/v1.35/bin/bin/../../lib\liblega-c-elf.a(xldtob_cdfFnopuxX.XXeo)
 __c30_signature
                  0x000686          0x6 c:/program files (x86)/microchip/xc16/v1.35/bin/bin/../../lib\liblega-c-elf.a(xgenld_cdfFnopuxX.XXeo)
 __c30_signature
                  0x00068c          0x6 c:/program files (x86)/microchip/xc16/v1.35/bin/bin/../../lib\liblega-c-elf.a(div.XX_eo)
 __c30_signature
                  0x000692          0x6 c:/program files (x86)/microchip/xc16/v1.35/bin/bin/../../lib\liblega-c-elf.a(ldiv.XX_eo)
 __c30_signature
                  0x000698          0x6 c:/program files (x86)/microchip/xc16/v1.35/bin/bin/../../lib\liblega-c-elf.a(strchr.XX_eo)
 __c30_signature
                  0x00069e          0x6 c:/program files (x86)/microchip/xc16/v1.35/bin/bin/../../lib\liblega-c-elf.a(xldunsca.XX_eo)
 __c30_signature
                  0x0006a4          0x6 c:/program files (x86)/microchip/xc16/v1.35/bin/bin/../../lib\liblega-c-elf.a(xlitob.XX_eo)
 __c30_signature
                  0x0006aa          0x6 c:/program files (x86)/microchip/xc16/v1.35/bin/bin/../../lib\liblega-c-elf.a(xputtxt.XX_eo)
 __c30_signature
                  0x0006b0          0x6 c:/program files (x86)/microchip/xc16/v1.35/bin/bin/../../lib\liblega-c-elf.a(xvacopy.XX_eo)
 __c30_signature
                  0x0006b6          0x6 c:/program files (x86)/microchip/xc16/v1.35/bin/bin/../../lib\liblega-c-elf.a(xdnorm.XX_elo)
 __c30_signature
                  0x0006bc          0x6 c:/program files (x86)/microchip/xc16/v1.35/bin/bin/../../lib\libm-elf.a(deqltle.eo)
 __c30_signature
                  0x0006c2          0x6 c:/program files (x86)/microchip/xc16/v1.35/bin/bin/../../lib\libm-elf.a(dgtge.eo)
 __c30_signature
                  0x0006c8          0x6 c:/program files (x86)/microchip/xc16/v1.35/bin/bin/../../lib\libm-elf.a(divdf3.eo)
 __c30_signature
                  0x0006ce          0x6 c:/program files (x86)/microchip/xc16/v1.35/bin/bin/../../lib\libm-elf.a(divsi3.eo)
 __c30_signature
                  0x0006d4          0x6 c:/program files (x86)/microchip/xc16/v1.35/bin/bin/../../lib\libm-elf.a(dpack.eo)
 __c30_signature
                  0x0006da          0x6 c:/program files (x86)/microchip/xc16/v1.35/bin/bin/../../lib\libm-elf.a(dunpack2.eo)
 __c30_signature
                  0x0006e0          0x6 c:/program files (x86)/microchip/xc16/v1.35/bin/bin/../../lib\libm-elf.a(extendsfdf.eo)
 __c30_signature
                  0x0006e6          0x6 c:/program files (x86)/microchip/xc16/v1.35/bin/bin/../../lib\libm-elf.a(fixdfsi.eo)
 __c30_signature
                  0x0006ec          0x6 c:/program files (x86)/microchip/xc16/v1.35/bin/bin/../../lib\libm-elf.a(floatsidf.eo)
 __c30_signature
                  0x0006f2          0x6 c:/program files (x86)/microchip/xc16/v1.35/bin/bin/../../lib\libm-elf.a(muldf3.eo)
 __c30_signature
                  0x0006f8          0x6 c:/program files (x86)/microchip/xc16/v1.35/bin/bin/../../lib\libm-elf.a(subdf3.eo)
 __c30_signature
                  0x0006fe          0x6 c:/program files (x86)/microchip/xc16/v1.35/bin/bin/../../lib\libm-elf.a(udivsi3.eo)
 __c30_signature
                  0x000704          0x6 c:/program files (x86)/microchip/xc16/v1.35/bin/bin/../../lib\libm-elf.a(umodsi3.eo)
 __c30_signature
                  0x00070a          0x6 c:/program files (x86)/microchip/xc16/v1.35/bin/bin/../../lib\libm-elf.a(mulsi3.eo)
 __c30_signature
                  0x000710          0x6 c:/program files (x86)/microchip/xc16/v1.35/bin/bin/../../lib\libm-elf.a(divmoddi3.eo)
 __c30_signature
                  0x000716          0x6 c:/program files (x86)/microchip/xc16/v1.35/bin/bin/../../lib\libm-elf.a(adddf3.eo)
 __c30_signature
                  0x00071c          0x6 c:/program files (x86)/microchip/xc16/v1.35/bin/bin/../../lib\libm-elf.a(dcompare.eo)
 __c30_signature
                  0x000722          0x6 c:/program files (x86)/microchip/xc16/v1.35/bin/bin/../../lib\libm-elf.a(dpropagateNaN.eo)
 __c30_signature
                  0x000728          0x6 c:/program files (x86)/microchip/xc16/v1.35/bin/bin/../../lib\libm-elf.a(dtype.eo)
 __c30_signature
                  0x00072e          0x6 c:/program files (x86)/microchip/xc16/v1.35/bin/bin/../../lib\libm-elf.a(dunpack.eo)
 __c30_signature
                  0x000734          0x6 c:/program files (x86)/microchip/xc16/v1.35/bin/bin/../../lib\libm-elf.a(floatdidf.eo)
 __c30_signature
                  0x00073a          0x6 c:/program files (x86)/microchip/xc16/v1.35/bin/bin/../../lib\libm-elf.a(floatundidf.eo)

.nbss               0x0800         0x6a
 .nbss              0x0800         0x2a build/default/debug/Serial2.o
                    0x0808                  _Data2
                    0x080a                  _Flag
                    0x080c                  _Flag2
                    0x0814                  _Temp3
                    0x081a                  _Data
                    0x0822                  _TempPDC1
 .nbss              0x082a         0x20 build/default/debug/main.o
                    0x082a                  _speedTarget
                    0x082e                  _commSend
                    0x0836                  _milliRunTime
                    0x0838                  _minRunTime
                    0x083a                  _buffer
 .nbss              0x084a          0xc build/default/debug/Encoder.o
                    0x084a                  _overrun
                    0x084c                  _underrun
                    0x084e                  _bufferEncoder
 .nbss              0x0856          0xc build/default/debug/UARTSetup.o
                    0x0856                  _i
 .nbss              0x0862          0x4 build/default/debug/PID.o
 .nbss              0x0866          0x4 build/default/debug/Timer1Functions.o
                    0x0866                  _NewPosCNT
                    0x0868                  _OldPosCNT

.data               0x086a         0xde
 .data              0x086a         0x58 c:/program files (x86)/microchip/xc16/v1.35/bin/bin/../../lib\liblega-c-elf.a(xldtob_cdfFnopuxX.XXeo)
 .data              0x08c2         0x4a c:/program files (x86)/microchip/xc16/v1.35/bin/bin/../../lib\liblega-c-elf.a(xstoul.XX_eo)
 .data              0x090c         0x22 c:/program files (x86)/microchip/xc16/v1.35/bin/bin/../../lib\liblega-c-elf.a(xlitob.XX_eo)
 .data              0x092e         0x1a c:/program files (x86)/microchip/xc16/v1.35/bin/bin/../../lib\liblega-c-elf.a(xprintf_cdfFnopuxX.XXeo)

.bss                0x0948          0x4
 .bss               0x0948          0x4 c:/program files (x86)/microchip/xc16/v1.35/bin/bin/../../lib\liblega-c-elf.a(errno.XX_eo)
                    0x0948                  _errno
                    0x094a                  __Tls_setup_errno

.data               0x094c          0x2
 .data              0x094c          0x2 c:/program files (x86)/microchip/xc16/v1.35/bin/bin/../../lib\liblega-c-elf.a(xgenld_cdfFnopuxX.XXeo)

.config_MCLRE     0xf80004          0x2
 .config_MCLRE    0xf80004          0x2 build/default/debug/main.o

.config_WDT       0xf80002          0x2
 .config_WDT      0xf80002          0x2 build/default/debug/main.o

.config_FCKSMEN
                  0xf80000          0x2
 .config_FCKSMEN
                  0xf80000          0x2 build/default/debug/main.o

.ivt._QEIInterrupt
                  0x000064          0x2
 .ivt._QEIInterrupt
                  0x000064          0x2 build/default/debug/Encoder.o

.ivt._PWMInterrupt
                  0x000062          0x2
 .ivt._PWMInterrupt
                  0x000062          0x2 build/default/debug/PWMFunctions.o

.ivt._U2RXInterrupt
                  0x000044          0x2
 .ivt._U2RXInterrupt
                  0x000044          0x2 build/default/debug/Serial2.o

.ivt._U2TXInterrupt
                  0x000046          0x2
 .ivt._U2TXInterrupt
                  0x000046          0x2 build/default/debug/Serial2.o

.ivt._T1Interrupt
                  0x00001a          0x2
 .ivt._T1Interrupt
                  0x00001a          0x2 build/default/debug/Timer1Functions.o

.ivt._U1RXInterrupt
                  0x000026          0x2
 .ivt._U1RXInterrupt
                  0x000026          0x2 build/default/debug/UARTSetup.o

.ivt._U1TXInterrupt
                  0x000028          0x2
 .ivt._U1TXInterrupt
                  0x000028          0x2 build/default/debug/UARTSetup.o

.const              0x9d8e         0x58 load address 0x001d8e  
 .const             0x9d8e         0x2c build/default/debug/MotorControl.o
 .const             0x9dba         0x1c build/default/debug/Serial2.o
 .const             0x9dd6         0x10 build/default/debug/main.o

.text             0x001de6        0x54e
 .text            0x001de6        0x20c build/default/debug/MotorControl.o
                  0x001de6                  _controllerTest
                  0x001e26                  _forwardMove
                  0x001f5e                  _rotationMove
 .text            0x001ff2        0x20a build/default/debug/Serial2.o
                  0x001ff2                  _UART2config
                  0x002028                  _mySendString
                  0x002060                  _SendStringChip2
                  0x002098                  _SearchReceiveStringForValue
                  0x0020fa                  _SendERRORmessage
                  0x002104                  _SetPWM
                  0x002156                  _ReadData
 .text            0x0021fc        0x138 build/default/debug/UARTConversionFunctions.o
                  0x0021fc                  _data_to_UART
                  0x002326                  _UART_to_data

.dinit            0x002334         0xe4
 .dinit           0x002334         0xe4 data_init

.text             0x002418        0x1f8
 .text            0x002418         0x92 build/default/debug/Encoder.o
                  0x002418                  _init_QEI
                  0x00244c                  _getEncoderVelocity
                  0x002466                  _getDistance
 .text            0x0024aa         0x74 build/default/debug/PID.o
                  0x0024aa                  _PID_controller
 .text            0x00251e         0x3c build/default/debug/UARTSetup.o
                  0x00251e                  _UART1Setup
 .text            0x00255a         0x34 build/default/debug/MotorDriver.o
                  0x00255a                  _MotorDriver
 .text            0x00258e         0x2e build/default/debug/Timer1Functions.o
                  0x00258e                  _Timer1Setup
 .text            0x0025bc         0x1e build/default/debug/PWMFunctions.o
                  0x0025bc                  _setupPWM
 .text            0x0025da         0x1c build/default/debug/main.o
                  0x0025da                  _main
 .text            0x0025f6         0x1a build/default/debug/GPIOSetup.o
                  0x0025f6                  _GPIOSetup
